[codewithsadee.github.io/vcard-personal-portfolio/index.html]
[backblue.gif]
[fade.gif]
[index.html]
[codewithsadee.github.io/vcard-personal-portfolio/assets/images/logo.ico]
[codewithsadee.github.io/vcard-personal-portfolio/assets/css/style.css]
[codewithsadee.github.io/vcard-personal-portfolio/assets/images/my-avatar.png]
[codewithsadee.github.io/vcard-personal-portfolio/assets/images/icon-design.svg]
[codewithsadee.github.io/vcard-personal-portfolio/assets/images/icon-dev.svg]
[codewithsadee.github.io/vcard-personal-portfolio/assets/images/icon-app.svg]
[codewithsadee.github.io/vcard-personal-portfolio/assets/images/icon-photo.svg]
[codewithsadee.github.io/vcard-personal-portfolio/assets/images/avatar-1.png]
[codewithsadee.github.io/vcard-personal-portfolio/assets/images/avatar-2.png]
[codewithsadee.github.io/vcard-personal-portfolio/assets/images/avatar-3.png]
[codewithsadee.github.io/vcard-personal-portfolio/assets/images/avatar-4.png]
[codewithsadee.github.io/vcard-personal-portfolio/assets/images/icon-quote.svg]
[codewithsadee.github.io/vcard-personal-portfolio/assets/images/logo-1-color.png]
[codewithsadee.github.io/vcard-personal-portfolio/assets/images/logo-2-color.png]
[codewithsadee.github.io/vcard-personal-portfolio/assets/images/logo-3-color.png]
[codewithsadee.github.io/vcard-personal-portfolio/assets/images/logo-4-color.png]
[codewithsadee.github.io/vcard-personal-portfolio/assets/images/logo-5-color.png]
[codewithsadee.github.io/vcard-personal-portfolio/assets/images/logo-6-color.png]
[codewithsadee.github.io/vcard-personal-portfolio/assets/images/project-1.jpg]
[codewithsadee.github.io/vcard-personal-portfolio/assets/images/project-2.png]
[codewithsadee.github.io/vcard-personal-portfolio/assets/images/project-3.jpg]
[codewithsadee.github.io/vcard-personal-portfolio/assets/images/project-4.png]
[codewithsadee.github.io/vcard-personal-portfolio/assets/images/project-5.png]
[codewithsadee.github.io/vcard-personal-portfolio/assets/images/project-6.png]
[codewithsadee.github.io/vcard-personal-portfolio/assets/images/project-7.png]
[codewithsadee.github.io/vcard-personal-portfolio/assets/images/project-8.jpg]
[codewithsadee.github.io/vcard-personal-portfolio/assets/images/project-9.png]
[codewithsadee.github.io/vcard-personal-portfolio/assets/images/blog-1.jpg]
[codewithsadee.github.io/vcard-personal-portfolio/assets/images/blog-2.jpg]
[codewithsadee.github.io/vcard-personal-portfolio/assets/images/blog-3.jpg]
[codewithsadee.github.io/vcard-personal-portfolio/assets/images/blog-4.jpg]
[codewithsadee.github.io/vcard-personal-portfolio/assets/images/blog-5.jpg]
[codewithsadee.github.io/vcard-personal-portfolio/assets/images/blog-6.jpg]
[codewithsadee.github.io/vcard-personal-portfolio/assets/js/script.js]
[unpkg.com/ionicons@5.5.2/dist/ionicons/ionicons.esm.js]
[codewithsadee.github.io/vcard-personal-portfolio/index.html]
[codewithsadee.github.io/vcard-personal-portfolio/assets/css/style.css]
[codewithsadee.github.io/vcard-personal-portfolio/assets/images/icon-design.svg]
[codewithsadee.github.io/vcard-personal-portfolio/assets/images/icon-dev.svg]
[codewithsadee.github.io/vcard-personal-portfolio/assets/images/icon-app.svg]
[codewithsadee.github.io/vcard-personal-portfolio/assets/images/icon-photo.svg]
[codewithsadee.github.io/vcard-personal-portfolio/assets/images/icon-quote.svg]
[unpkg.com/ionicons@5.5.2/dist/ionicons/ionicons.js]
